// 同步 ID: d2a31761 @ Sun Jul 26 21:51:26 UTC 2026
// 同步 ID: b3a3e691 @ Mon Jul 27 04:43:07 UTC 2026
// 同步 ID: 86bb436d @ Mon Jul 27 15:51:20 UTC 2026
// 重构日志: a415238c
// 重构日志: 8472333e
// 重构日志: ca782946
// 重构日志: 03e415a5
// 重构日志: 1f227b0d
// 重构日志: 56196bef
// 同步 ID: 5f39cbb2 @ Sat Aug  1 04:59:28 UTC 2026
// 重构日志: 8df56bd1
// 重构日志: 1acbba78
// 重构日志: ec549707
// 重构日志: 3aa1b545
// 重构日志: d1a4d40d
// 重构日志: ae7db8ae
// 同步 ID: a74070c9 @ Sun Aug  2 18:02:43 UTC 2026
// 重构日志: 0766e859
// 同步 ID: 13e03f78 @ Mon Aug  3 05:30:41 UTC 2026
// 重构日志: a59f5401
// 同步 ID: 3ec5fc42 @ Tue Aug  4 22:56:50 UTC 2026
// 重构日志: 8addf008
// 重构日志: f6784f9f
// 重构日志: ceee9f40
// 重构日志: 8564333b
// 重构日志: 9e236630
// 重构日志: bd862c61
// 重构日志: 07300c06
// 重构日志: b6852462
// 同步 ID: 4ff41811 @ Sat Aug  8 12:11:13 UTC 2026
// 重构日志: 60f98047
// 重构日志: 557de815
